Microchip MPLAB XC8 Compiler V3.10

Linker command line:

-W-3 \
  --edf=C:\Program Files\Microchip\xc8\v3.10\pic\dat\20250813170317_en.msgs \
  -cn -h+dist/default/production\Practica3Debugger.X.production.sym \
  --cmf=dist/default/production\Practica3Debugger.X.production.cmf -z \
  -Q16F873A -oC:\Users\irmin\AppData\Local\Temp\xcAs4lg.0\driver_tmp_3.o \
  --defsym=__MPLAB_BUILD=1 --fixupoverflow=error \
  -Mdist/default/production/Practica3Debugger.X.production.map \
  --md=C:\Users\irmin\AppData\Local\Temp\xcAs4lg.0\driver_tmp_0.dat -E1 \
  -ver=XC8 Compiler -ACODE=00h-07FFhx2 -ASTRCODE=00h-0FFFh \
  -ASTRING=00h-0FFhx16 -ACONST=00h-0FFhx16 -AENTRY=00h-0FFhx16 \
  -ABANK0=020h-07Dh -ABANK1=0A0h-0FDh -ARAM=020h-07Dh,0A0h-0FDh \
  -AABS1=020h-07Fh,0A0h-0FFh -ACOMMON=07Eh-07Fh -ASFR0=00h-01Fh \
  -ASFR1=080h-09Fh -ASFR2=0100h-017Dh -ASFR3=0180h-01FDh \
  -ACONFIG=02007h-02007h -DCONFIG=2 -AIDLOC=02000h-02003h -DIDLOC=2 \
  -AEEDATA=00h-07Fh/02100h -peeprom_data=EEDATA -DEEDATA=2 -DCODE=2 \
  -DSTRCODE=2 -DSTRING=2 -DCONST=2 -DENTRY=2 \
  -preset_vec=00h,intentry=04h,sivt,init,end_init -ppowerup=CODE \
  -pcinit=CODE -pfunctab=ENTRY -k \
  C:\Users\irmin\AppData\Local\Temp\xcAs4lg.0\driver_tmp_12.o \
  dist/default/production\Practica3Debugger.X.production.o 

Object code version is 3.11

Machine type is 16F873A



                Name                               Link     Load   Length Selector   Space Scale
C:\Users\irmin\AppData\Local\Temp\xcAs4lg.0\driver_tmp_12.o
                end_init                              F        F        2        8       0
                reset_vec                             0        0        2        0       0
                config                             2007     2007        1        0       4
dist/default/production\Practica3Debugger.X.production.o
                cinit                                11       11       20        8       0
                intentry                              4        4        B        8       0
                config                             2007     2007        1        0       4
                text9                               1D9      1D9       4A        8       0
                text8                               2A4      2A4       29        8       0
                text7                               2CD      2CD       27        8       0
                text6                               166      166       73        8       0
                text5                                E9       E9       7D        8       0
                text4                               337      337        A      63A       0
                text3                               31D      31D       1A      63A       0
                text2                               223      223       44        8       0
                text1                               267      267       3D        8       0
                maintext                             31       31       B8        8       0
                cstackBANK0                          20       20       4B       20       1
                clrtext                             341      341        8      63A       0
                bssBANK1                             A0       A0       38       A0       1
                dataBANK0                            75       75        4       20       1
                bssBANK0                             6B       6B        A       20       1
                strings                             300      300       1D      600       0
                idataBANK0                          349      349        4      63A       0

TOTAL           Name                               Link     Load   Length     Space
        CLASS   CODE           
                end_init                              F        F        2         0
                cinit                                11       11       20         0
                intentry                              4        4        B         0
                reset_vec                             0        0        2         0
                text9                               1D9      1D9       4A         0
                text8                               2A4      2A4       29         0
                text7                               2CD      2CD       27         0
                text6                               166      166       73         0
                text5                                E9       E9       7D         0
                text4                               337      337        A         0
                text3                               31D      31D       1A         0
                text2                               223      223       44         0
                text1                               267      267       3D         0
                maintext                             31       31       B8         0
                clrtext                             341      341        8         0
                idataBANK0                          349      349        4         0

        CLASS   STRCODE        

        CLASS   STRING         
                strings                             300      300       1D         0

        CLASS   CONST          

        CLASS   ENTRY          

        CLASS   BANK0          
                cstackBANK0                          20       20       4B         1
                dataBANK0                            75       75        4         1
                bssBANK0                             6B       6B        A         1

        CLASS   BANK1          
                bssBANK1                             A0       A0       38         1

        CLASS   RAM            

        CLASS   ABS1           
                abs_s1                               7E       7E        2         1

        CLASS   COMMON         

        CLASS   SFR0           

        CLASS   SFR1           

        CLASS   SFR2           

        CLASS   SFR3           

        CLASS   CONFIG         
                config                             2007     2007        1         4

        CLASS   IDLOC          

        CLASS   EEDATA         

        CLASS   BANK3          

        CLASS   BANK2          

        CLASS   HEAP           

        CLASS   STACK          



SEGMENTS        Name                           Load    Length   Top    Selector   Space  Class     Delta

                reset_vec                      000000  000002  000002         0       0  CODE        2
                intentry                       000004  0002F0  0002F4         8       0  CODE        2
                cstackBANK0                    000020  000059  000079        20       1  BANK0       1
                bssBANK1                       0000A0  000038  0000D8        A0       1  BANK1       1
                strings                        000300  00001D  00031D       600       0  STRING      2
                text3                          00031D  000030  00034D       63A       0  CODE        2


UNUSED ADDRESS RANGES

        Name                Unused          Largest block    Delta
        BANK0            0079-007D              5           1
        BANK1            00D8-00FD             26           1
        CODE             0002-0003              2           2
                         02F4-02FF              C
                         034D-0FFF            4B3
        CONST            0002-0003              2           2
                         02F4-02FF              C
                         034D-0FFF            100
        EEDATA           2100-217F             80           2
        ENTRY            0002-0003              2           2
                         02F4-02FF              C
                         034D-0FFF            100
        IDLOC            2000-2003              4           2
        RAM              0079-007D              5           1
                         00D8-00FD             26
        SFR0             0000-001F             20           1
        SFR1             0080-009F             20           1
        SFR2             0100-017D             7E           1
        SFR3             0180-01FD             7E           1
        STRCODE          0002-0003              2           2
                         02F4-02FF              C
                         034D-0FFF            CB3
        STRING           0002-0003              2           2
                         02F4-02FF              C
                         034D-0FFF            100

                                  Symbol Table

?___lwdiv                cstackBANK0  0024
?___wmul                 cstackBANK0  0024
?_atoi                   cstackBANK0  002A
_ADCON1                  (abs)        009F
_INTCONbits              (abs)        000B
_OPTION_REG              (abs)        0081
_PIE1bits                (abs)        008C
_PIR1bits                (abs)        000C
_PORTA                   (abs)        0005
_PORTB                   (abs)        0006
_PORTC                   (abs)        0007
_RCREG                   (abs)        001A
_RCSTA                   (abs)        0018
_RCSTAbits               (abs)        0018
_SPBRG                   (abs)        0099
_TMR0                    (abs)        0001
_TRISA                   (abs)        0085
_TRISB                   (abs)        0086
_TRISC                   (abs)        0087
_TXREG                   (abs)        0019
_TXSTA                   (abs)        0098
__H__absolute__          __absolute__ 0000
__Habs1                  abs1         0000
__Hbank0                 bank0        0000
__Hbank1                 bank1        0000
__Hbank2                 bank2        0000
__Hbank3                 bank3        0000
__HbssBANK0              bssBANK0     0000
__HbssBANK1              bssBANK1     0000
__Hcinit                 cinit        0031
__Hclrtext               clrtext      0000
__Hcode                  code         0000
__Hcommon                common       0000
__Hconfig                config       2008
__HcstackBANK0           cstackBANK0  0000
__HcstackCOMMON          cstackCOMMON 0000
__HdataBANK0             dataBANK0    0000
__Heeprom_data           eeprom_data  0000
__Hend_init              end_init     0011
__Hfunctab               functab      0000
__Hheap                  heap         0000
__HidataBANK0            idataBANK0   0000
__Hinit                  init         000F
__Hintentry              intentry     000F
__Hmaintext              maintext     0000
__Hpowerup               powerup      0000
__Hram                   ram          0000
__Hreset_vec             reset_vec    0002
__Hsfr0                  sfr0         0000
__Hsfr1                  sfr1         0000
__Hsfr2                  sfr2         0000
__Hsfr3                  sfr3         0000
__Hsivt                  sivt         000F
__Hspace_0               (abs)        034D
__Hspace_1               (abs)        00D8
__Hspace_2               (abs)        0000
__Hspace_3               (abs)        0000
__Hspace_4               (abs)        400F
__Hstack                 stack        0000
__Hstrings               strings      0000
__Htext                  text         0000
__L__absolute__          __absolute__ 0000
__Labs1                  abs1         0000
__Lbank0                 bank0        0000
__Lbank1                 bank1        0000
__Lbank2                 bank2        0000
__Lbank3                 bank3        0000
__LbssBANK0              bssBANK0     0000
__LbssBANK1              bssBANK1     0000
__Lcinit                 cinit        0011
__Lclrtext               clrtext      0000
__Lcode                  code         0000
__Lcommon                common       0000
__Lconfig                config       0000
__LcstackBANK0           cstackBANK0  0000
__LcstackCOMMON          cstackCOMMON 0000
__LdataBANK0             dataBANK0    0000
__Leeprom_data           eeprom_data  0000
__Lend_init              end_init     000F
__Lfunctab               functab      0000
__Lheap                  heap         0000
__LidataBANK0            idataBANK0   0000
__Linit                  init         000F
__Lintentry              intentry     0004
__Lmaintext              maintext     0000
__Lpowerup               powerup      0000
__Lram                   ram          0000
__Lreset_vec             reset_vec    0000
__Lsfr0                  sfr0         0000
__Lsfr1                  sfr1         0000
__Lsfr2                  sfr2         0000
__Lsfr3                  sfr3         0000
__Lsivt                  sivt         000F
__Lspace_0               (abs)        0000
__Lspace_1               (abs)        0000
__Lspace_2               (abs)        0000
__Lspace_3               (abs)        0000
__Lspace_4               (abs)        0000
__Lstack                 stack        0000
__Lstrings               strings      0000
__Ltext                  text         0000
__S0                     (abs)        034D
__S1                     (abs)        00D8
__S3                     (abs)        0000
___heap_hi               (abs)        0000
___heap_lo               (abs)        0000
___int_sp                stack        0000
___int_stack_hi          stack        0000
___int_stack_lo          stack        0000
___latbits               (abs)        0001
___lwdiv                 text2        0223
___lwdiv@counter         cstackBANK0  002A
___lwdiv@dividend        cstackBANK0  0026
___lwdiv@divisor         cstackBANK0  0024
___lwdiv@quotient        cstackBANK0  0028
___sp                    stack        0000
___stack_hi              stack        0000
___stack_lo              stack        0000
___stackhi               (abs)        0000
___stacklo               (abs)        0000
___wmul                  text7        02CD
___wmul@multiplicand     cstackBANK0  0026
___wmul@multiplier       cstackBANK0  0024
___wmul@product          cstackBANK0  0028
__end_of___lwdiv         text2        0267
__end_of___wmul          text7        02F4
__end_of__initialization cinit        002E
__end_of__stringtab      strings      0306
__end_of_atoi            text6        01D9
__end_of_init            text8        02CD
__end_of_isr             text9        0223
__end_of_main            maintext     00E9
__end_of_parse_response  text5        0166
__end_of_uart_putc       text4        0341
__end_of_uart_puts       text3        0337
__end_of_update_leds     text1        02A4
__initialization         cinit        0011
__pbssBANK0              bssBANK0     006B
__pbssBANK1              bssBANK1     00A0
__pcstackBANK0           cstackBANK0  0020
__pcstackCOMMON          cstackCOMMON 0000
__pdataBANK0             dataBANK0    0075
__pidataBANK0            idataBANK0   0349
__pintentry              intentry     0004
__pmaintext              maintext     0031
__pstrings               strings      0300
__ptext1                 text1        0267
__ptext2                 text2        0223
__ptext3                 text3        031D
__ptext4                 text4        0337
__ptext5                 text5        00E9
__ptext6                 text6        0166
__ptext7                 text7        02CD
__ptext8                 text8        02A4
__ptext9                 text9        01D9
__stringbase             strings      0305
__stringtab              strings      0300
_adc_ch                  bssBANK0     0072
_adc_mv                  bssBANK1     00D0
_adc_timer               bssBANK0     0071
_atoi                    text6        0166
_btn_armed               dataBANK0    0075
_btn_cnt                 bssBANK0     006B
_fan_on                  bssBANK0     0073
_init                    text8        02A4
_isr                     text9        01D9
_main                    maintext     0031
_main$239                cstackBANK0  0069
_parse_response          text5        00E9
_rx_buf                  bssBANK1     00A0
_rx_len                  bssBANK0     0070
_rx_ready                bssBANK0     006F
_tick                    bssBANK0     0074
_uart_putc               text4        0337
_uart_puts               text3        031D
_update_leds             text1        0267
atoi@n                   cstackBANK0  002F
atoi@neg                 cstackBANK0  002E
atoi@s                   cstackBANK0  002A
btemp                    (abs)        007E
btemp0                   (abs)        007E
btemp1                   (abs)        007F
clear_ram0               clrtext      0341
end_of_initialization    cinit        002E
interrupt_function       intentry     0004
intlevel0                functab      0000
intlevel1                functab      0000
intlevel2                functab      0000
intlevel3                functab      0000
intlevel4                functab      0000
intlevel5                functab      0000
isr@c                    cstackBANK0  0023
ltemp0a                  (abs)        0080
main@bit                 cstackBANK0  0067
main@i                   cstackBANK0  006A
main@raw                 cstackBANK0  0068
parse_response@ch        cstackBANK0  0064
parse_response@i         cstackBANK0  0063
parse_response@len       cstackBANK0  0062
parse_response@local     cstackBANK0  0032
parse_response@p         cstackBANK0  0065
reset_vec                reset_vec    0000
saved_w                  (abs)        007E
start                    init         000F
start_initialization     cinit        0011
ttemp0a                  (abs)        007F
uart_putc@c              cstackBANK0  0024
uart_puts@s              cstackBANK0  0025
update_leds@bars         cstackBANK0  002F
update_leds@i            cstackBANK0  0030
update_leds@mv           cstackBANK0  002C
update_leds@pattern      cstackBANK0  002E
wtemp0                   (abs)        007E
wtemp0a                  (abs)        007F


MODULE INFORMATION

Module		Function		Class		Link	Load	Size
C:\Program Files\Microchip\xc8\v3.10\pic\sources\c99\common\lwdiv.c
		___lwdiv       		CODE           	0223	0000	68

C:\Program Files\Microchip\xc8\v3.10\pic\sources\c99\common\lwdiv.c estimated size: 68

C:\Program Files\Microchip\xc8\v3.10\pic\sources\c99\common\atoi.c
		_atoi          		CODE           	0166	0000	115

C:\Program Files\Microchip\xc8\v3.10\pic\sources\c99\common\atoi.c estimated size: 115

shared
		__stringtab    		STRING         	0300	0000	6
		__initialization		CODE           	0011	0000	29

shared estimated size: 35

main.c
		_init          		CODE           	02A4	0000	41
		_main          		CODE           	0031	0000	184
		_update_leds   		CODE           	0267	0000	61
		_isr           		CODE           	01D9	0000	74
		_uart_putc     		CODE           	0337	0000	10
		_uart_puts     		CODE           	031D	0000	26
		_parse_response		CODE           	00E9	0000	125

main.c estimated size: 521

C:\Program Files\Microchip\xc8\v3.10\pic\sources\c99\common\Umul16.c
		___wmul        		CODE           	02CD	0000	39

C:\Program Files\Microchip\xc8\v3.10\pic\sources\c99\common\Umul16.c estimated size: 39

